Device: cuda
==================================================

验证模型: deeplabv3plus
  [OK] 输出形状: torch.Size([1, 4, 512, 512]), 参数量: 117.73M

验证模型: fpn
  [OK] 输出形状: torch.Size([1, 4, 512, 512]), 参数量: 118.30M

验证模型: segmenter_linear
  [OK] 输出形状: torch.Size([1, 4, 512, 512]), 参数量: 21.99M

验证模型: segmenter_mask
  [OK] 输出形状: torch.Size([1, 4, 512, 512]), 参数量: 25.98M

验证模型: segnext_lite
  [OK] 输出形状: torch.Size([1, 4, 512, 512]), 参数量: 1.36M

验证模型: segnext_official
  [OK] 输出形状: torch.Size([1, 4, 512, 512]), 参数量: 17.18M

验证模型: unet
  [OK] 输出形状: torch.Size([1, 4, 512, 512]), 参数量: 119.74M

验证模型: unetplusplus
  [OK] 输出形状: torch.Size([1, 4, 512, 512]), 参数量: 120.75M

验证模型: unetplusplus_maxvit
  [OK] 输出形状: torch.Size([1, 4, 512, 512]), 参数量: 125.60M

验证模型: vit_base
  [OK] 输出形状: torch.Size([1, 4, 512, 512]), 参数量: 88.55M

验证模型: vit_small
  [OK] 输出形状: torch.Size([1, 4, 512, 512]), 参数量: 23.63M

==================================================
验证完成